// Jest Snapshot v1, https://goo.gl/fbAQLP

exports[`ViewDashboard renders correctly default 1`] = `
<Fragment>
  <DashboardsBar />
  <div
    className="dashboard-wrapper"
    style={
      Object {
        "height": 448,
      }
    }
  >
    <TitleBar
      edit={false}
    />
    <FilterBar />
    <ItemGrid
      edit={false}
    />
  </div>
</Fragment>
`;
