// Jest Snapshot v1, https://goo.gl/fbAQLP

exports[`SinglesMenuGroup matches snapshot 1`] = `
ShallowWrapper {
  Symbol(enzyme.__root__): [Circular],
  Symbol(enzyme.__unrendered__): <SinglesMenuGroup
    acAddDashboardItem={[MockFunction]}
    category={
      Object {
        "header": "ponies",
        "items": Array [
          Object {
            "name": "Rainbow Dash",
            "type": "colorful",
          },
          Object {
            "name": "B&W",
            "type": "greytone",
          },
        ],
      }
    }
  />,
  Symbol(enzyme.__renderer__): Object {
    "batchedUpdates": [Function],
    "checkPropTypes": [Function],
    "getNode": [Function],
    "render": [Function],
    "simulateError": [Function],
    "simulateEvent": [Function],
    "unmount": [Function],
  },
  Symbol(enzyme.__node__): Object {
    "instance": null,
    "key": undefined,
    "nodeType": "function",
    "props": Object {
      "children": Array [
        <HeaderMenuItem
          title="ponies"
        />,
        Array [
          <ContentMenuItem
            name="Rainbow Dash"
            onInsert={[Function]}
            type="colorful"
          />,
          <ContentMenuItem
            name="B&W"
            onInsert={[Function]}
            type="greytone"
          />,
        ],
      ],
    },
    "ref": null,
    "rendered": Array [
      Object {
        "instance": null,
        "key": undefined,
        "nodeType": "function",
        "props": Object {
          "title": "ponies",
        },
        "ref": null,
        "rendered": null,
        "type": [Function],
      },
      Object {
        "instance": null,
        "key": "colorful",
        "nodeType": "function",
        "props": Object {
          "name": "Rainbow Dash",
          "onInsert": [Function],
          "type": "colorful",
        },
        "ref": null,
        "rendered": null,
        "type": [Function],
      },
      Object {
        "instance": null,
        "key": "greytone",
        "nodeType": "function",
        "props": Object {
          "name": "B&W",
          "onInsert": [Function],
          "type": "greytone",
        },
        "ref": null,
        "rendered": null,
        "type": [Function],
      },
    ],
    "type": Symbol(react.fragment),
  },
  Symbol(enzyme.__nodes__): Array [
    Object {
      "instance": null,
      "key": undefined,
      "nodeType": "function",
      "props": Object {
        "children": Array [
          <HeaderMenuItem
            title="ponies"
          />,
          Array [
            <ContentMenuItem
              name="Rainbow Dash"
              onInsert={[Function]}
              type="colorful"
            />,
            <ContentMenuItem
              name="B&W"
              onInsert={[Function]}
              type="greytone"
            />,
          ],
        ],
      },
      "ref": null,
      "rendered": Array [
        Object {
          "instance": null,
          "key": undefined,
          "nodeType": "function",
          "props": Object {
            "title": "ponies",
          },
          "ref": null,
          "rendered": null,
          "type": [Function],
        },
        Object {
          "instance": null,
          "key": "colorful",
          "nodeType": "function",
          "props": Object {
            "name": "Rainbow Dash",
            "onInsert": [Function],
            "type": "colorful",
          },
          "ref": null,
          "rendered": null,
          "type": [Function],
        },
        Object {
          "instance": null,
          "key": "greytone",
          "nodeType": "function",
          "props": Object {
            "name": "B&W",
            "onInsert": [Function],
            "type": "greytone",
          },
          "ref": null,
          "rendered": null,
          "type": [Function],
        },
      ],
      "type": Symbol(react.fragment),
    },
  ],
  Symbol(enzyme.__options__): Object {
    "adapter": ReactSixteenAdapter {
      "options": Object {
        "enableComponentDidUpdateOnSetState": true,
        "legacyContextMode": "parent",
        "lifecycles": Object {
          "componentDidUpdate": Object {
            "onSetState": true,
          },
          "getChildContext": Object {
            "calledByRenderer": false,
          },
          "getDerivedStateFromError": true,
          "getDerivedStateFromProps": Object {
            "hasShouldComponentUpdateBug": false,
          },
          "getSnapshotBeforeUpdate": true,
          "setState": Object {
            "skipsComponentDidUpdateOnNullish": true,
          },
        },
      },
    },
  },
}
`;
