// Jest Snapshot v1, https://goo.gl/fbAQLP

exports[`ShowMoreButton renders correctly when at maxHeight 1`] = `
<div>
  <div
    class="container"
  >
    <button
      aria-label="Show more dashboards"
      class="showMore"
      data-test="showmore-button"
    >
      <svg
        height="24"
        viewBox="0 0 24 24"
        width="24"
        xmlns="http://www.w3.org/2000/svg"
      >
        <path
          d="m11.29289 15.7071c.39053.3905 1.02369.3905 1.41422 0l4.99999-4.99999c.3905-.39053.3905-1.02369 0-1.41422-.3905-.39052-1.0237-.39052-1.4142 0l-4.2929 4.2929-4.29289-4.2929c-.39053-.39052-1.02369-.39052-1.41422 0-.39052.39053-.39052 1.02369 0 1.41422z"
          fill="#a0adba"
        />
      </svg>
    </button>
  </div>
</div>
`;

exports[`ShowMoreButton renders correctly when not at maxHeight 1`] = `
<div>
  <div
    class="container"
  >
    <button
      aria-label="Show more dashboards"
      class="showMore"
      data-test="showmore-button"
    >
      <svg
        height="24"
        viewBox="0 0 24 24"
        width="24"
        xmlns="http://www.w3.org/2000/svg"
      >
        <path
          d="m11.29289 15.7071c.39053.3905 1.02369.3905 1.41422 0l4.99999-4.99999c.3905-.39053.3905-1.02369 0-1.41422-.3905-.39052-1.0237-.39052-1.4142 0l-4.2929 4.2929-4.29289-4.2929c-.39053-.39052-1.02369-.39052-1.41422 0-.39052.39053-.39052 1.02369 0 1.41422z"
          fill="#a0adba"
        />
      </svg>
    </button>
  </div>
</div>
`;
