// Jest Snapshot v1, https://goo.gl/fbAQLP

exports[`renders null if all relevant settings are false 1`] = `<div />`;
