// Jest Snapshot v1, https://goo.gl/fbAQLP

exports[`renders SingleMenuGroup 1`] = `
<div>
  <li
    class="jsx-665727467 item disabled dense"
    data-test="dhis2-uicore-menuitem"
  >
    <a
      class="jsx-665727467"
    >
      <span
        class="jsx-665727467 label"
      >
        <span
          style="color: rgb(64, 75, 90); font-weight: 600;"
        >
          ponies
        </span>
      </span>
    </a>
  </li>
  <li
    class="jsx-665727467 dense"
    data-test="menu-item-Rainbow Dash"
  >
    <a
      class="jsx-665727467"
    >
      <span
        class="jsx-665727467 label"
      >
        <div
          class="menuItem"
        >
          <div
            class="label"
          >
            <span
              style="margin-right: 6px;"
            >
              <svg
                aria-hidden="true"
                class="MuiSvgIcon-root-1"
                focusable="false"
                role="presentation"
                style="fill: #6e7a8a;"
                viewBox="0 0 24 24"
              >
                <path
                  d="M12 2C6.48 2 2 6.48 2 12s4.48 10 10 10 10-4.48 10-10S17.52 2 12 2zm0 18c-4.42 0-8-3.58-8-8 0-1.85.63-3.55 1.69-4.9L16.9 18.31C15.55 19.37 13.85 20 12 20zm6.31-3.1L7.1 5.69C8.45 4.63 10.15 4 12 4c4.42 0 8 3.58 8 8 0 1.85-.63 3.55-1.69 4.9z"
                />
              </svg>
            </span>
            <span>
              Rainbow Dash
            </span>
          </div>
          <button
            class="buttonInsert"
          >
            Insert
          </button>
        </div>
      </span>
    </a>
  </li>
  <li
    class="jsx-665727467 dense"
    data-test="menu-item-Twilight"
  >
    <a
      class="jsx-665727467"
    >
      <span
        class="jsx-665727467 label"
      >
        <div
          class="menuItem"
        >
          <div
            class="label"
          >
            <span
              style="margin-right: 6px;"
            >
              <svg
                aria-hidden="true"
                class="MuiSvgIcon-root-1"
                focusable="false"
                role="presentation"
                style="fill: #6e7a8a;"
                viewBox="0 0 24 24"
              >
                <path
                  d="M12 2C6.48 2 2 6.48 2 12s4.48 10 10 10 10-4.48 10-10S17.52 2 12 2zm0 18c-4.42 0-8-3.58-8-8 0-1.85.63-3.55 1.69-4.9L16.9 18.31C15.55 19.37 13.85 20 12 20zm6.31-3.1L7.1 5.69C8.45 4.63 10.15 4 12 4c4.42 0 8 3.58 8 8 0 1.85-.63 3.55-1.69 4.9z"
                />
              </svg>
            </span>
            <span>
              Twilight
            </span>
          </div>
          <button
            class="buttonInsert"
          >
            Insert
          </button>
        </div>
      </span>
    </a>
  </li>
</div>
`;
